max_provinces = 2093
# stats:  2090 provinces
# unused: 1888
definitions = "definition.csv"
provinces = "provinces.bmp"
positions = "positions.txt"
terrain = "terrain.bmp"
rivers = "rivers.bmp"
terrain_definition = "terrain.txt"
heightmap = "topology.bmp"
tree_definition = "trees.bmp"
continent = "continent.txt"
adjacencies = "adjacencies.csv"
climate = "climate.txt"
region = "island_region.txt"
geographical_region = "geographical_region.txt"
static = "statics"
seasons = "seasons.txt"
externals = {
}

sea_zones = { 1092 1277 }
sea_zones = { 1544 1547 }
sea_zones = { 1689 1697 }
sea_zones = { 2058 2061 }

ocean_region = {	# Pacific Ocean
	sea_zones = { 1 2 3 4 }
}

# Define which indices in trees.bmp palette which should count as trees for automatic terrain assignment
tree = { 3 4 7 10 }

major_rivers = 
{
	# Pacific Ocean
	2058 2059 2060 2061  #Amur
	1546 1547 1694 1695 1696 1697  #Huangde
	1246 1247 1248 1249 1250 1251  #Irrawaddy River
	1240 1241 1242 1243 1244 1245  #Mekong River
	1252 1253 1254 1255 1256  #Xi
	1257 1544 1545 1689 1690 1691 1692 1693  #Yangtze

}